logs/ImageNet_R/20_20_sip/palora/Adam/0
2026-04-27 04:39:33,078 [trainer.py] => config: configs/palora/ir10_palora.json
2026-04-27 04:39:33,078 [trainer.py] => device: [device(type='cuda', index=0)]
2026-04-27 04:39:33,078 [trainer.py] => eval: False
2026-04-27 04:39:33,078 [trainer.py] => p: 0.5
2026-04-27 04:39:33,078 [trainer.py] => prefix: reproduce
2026-04-27 04:39:33,078 [trainer.py] => dataset: ImageNet_R
2026-04-27 04:39:33,078 [trainer.py] => data_path: data/imagenet-r
2026-04-27 04:39:33,078 [trainer.py] => memory_size: 0
2026-04-27 04:39:33,078 [trainer.py] => memory_per_class: 0
2026-04-27 04:39:33,078 [trainer.py] => fixed_memory: True
2026-04-27 04:39:33,078 [trainer.py] => shuffle: False
2026-04-27 04:39:33,078 [trainer.py] => seed: 0
2026-04-27 04:39:33,078 [trainer.py] => init_cls: 20
2026-04-27 04:39:33,079 [trainer.py] => increment: 20
2026-04-27 04:39:33,079 [trainer.py] => total_sessions: 10
2026-04-27 04:39:33,079 [trainer.py] => model_name: palora
2026-04-27 04:39:33,079 [trainer.py] => net_type: sip
2026-04-27 04:39:33,079 [trainer.py] => embd_dim: 768
2026-04-27 04:39:33,079 [trainer.py] => num_heads: 12
2026-04-27 04:39:33,079 [trainer.py] => EPSILON: 1e-08
2026-04-27 04:39:33,079 [trainer.py] => init_epoch: 40
2026-04-27 04:39:33,079 [trainer.py] => optim: Adam
2026-04-27 04:39:33,079 [trainer.py] => init_lr: 0.0005
2026-04-27 04:39:33,079 [trainer.py] => init_lr_decay: 0.1
2026-04-27 04:39:33,079 [trainer.py] => init_weight_decay: 0.0
2026-04-27 04:39:33,079 [trainer.py] => epochs: 50
2026-04-27 04:39:33,079 [trainer.py] => fc_lrate: 0.0005
2026-04-27 04:39:33,079 [trainer.py] => lrate: 0.0005
2026-04-27 04:39:33,079 [trainer.py] => lrate_decay: 0.1
2026-04-27 04:39:33,079 [trainer.py] => batch_size: 128
2026-04-27 04:39:33,079 [trainer.py] => weight_decay: 0.0
2026-04-27 04:39:33,079 [trainer.py] => rank: 10
2026-04-27 04:39:33,079 [trainer.py] => margin_inter: 2.0
2026-04-27 04:39:33,079 [trainer.py] => lambada: 0.5
2026-04-27 04:39:33,079 [trainer.py] => num_workers: 16
2026-04-27 04:39:33,170 [data_manager.py] => [0, 1, 2, 3, 4, 5, 6, 7, 8, 9, 10, 11, 12, 13, 14, 15, 16, 17, 18, 19, 20, 21, 22, 23, 24, 25, 26, 27, 28, 29, 30, 31, 32, 33, 34, 35, 36, 37, 38, 39, 40, 41, 42, 43, 44, 45, 46, 47, 48, 49, 50, 51, 52, 53, 54, 55, 56, 57, 58, 59, 60, 61, 62, 63, 64, 65, 66, 67, 68, 69, 70, 71, 72, 73, 74, 75, 76, 77, 78, 79, 80, 81, 82, 83, 84, 85, 86, 87, 88, 89, 90, 91, 92, 93, 94, 95, 96, 97, 98, 99, 100, 101, 102, 103, 104, 105, 106, 107, 108, 109, 110, 111, 112, 113, 114, 115, 116, 117, 118, 119, 120, 121, 122, 123, 124, 125, 126, 127, 128, 129, 130, 131, 132, 133, 134, 135, 136, 137, 138, 139, 140, 141, 142, 143, 144, 145, 146, 147, 148, 149, 150, 151, 152, 153, 154, 155, 156, 157, 158, 159, 160, 161, 162, 163, 164, 165, 166, 167, 168, 169, 170, 171, 172, 173, 174, 175, 176, 177, 178, 179, 180, 181, 182, 183, 184, 185, 186, 187, 188, 189, 190, 191, 192, 193, 194, 195, 196, 197, 198, 199]
2026-04-27 04:39:35,724 [trainer.py] => All params: 111348451
2026-04-27 04:39:35,726 [trainer.py] => Trainable params: 111348451
2026-04-27 04:39:35,726 [palora.py] => Learning on 0-20
Parameters to be updated: {'image_encoder.blocks.8.attn.lora_A_k.0.weight', 'image_encoder.blocks.6.attn.lora_A_v.0.weight', 'image_encoder.blocks.6.attn.lora_B_k.0.weight', 'image_encoder.blocks.5.attn.lora_B_k.0.weight', 'image_encoder.blocks.11.attn.lora_A_k.0.weight', 'image_encoder.blocks.3.attn.lora_B_k.0.weight', 'image_encoder.blocks.7.attn.lora_B_v.0.weight', 'image_encoder.blocks.2.attn.lora_B_k.0.weight', 'image_encoder.blocks.1.attn.lora_A_v.0.weight', 'image_encoder.blocks.11.attn.lora_B_k.0.weight', 'image_encoder.blocks.0.attn.lora_A_k.0.weight', 'image_encoder.blocks.11.attn.lora_A_v.0.weight', 'image_encoder.blocks.0.attn.lora_A_v.0.weight', 'image_encoder.blocks.10.attn.lora_B_k.0.weight', 'image_encoder.blocks.9.attn.lora_A_v.0.weight', 'image_encoder.blocks.3.attn.lora_A_k.0.weight', 'image_encoder.blocks.8.attn.lora_A_v.0.weight', 'classifier_pool.0.bias', 'image_encoder.blocks.9.attn.lora_B_k.0.weight', 'image_encoder.blocks.3.attn.lora_B_v.0.weight', 'image_encoder.blocks.8.attn.lora_B_k.0.weight', 'image_encoder.blocks.10.attn.lora_A_v.0.weight', 'image_encoder.blocks.8.attn.lora_B_v.0.weight', 'image_encoder.blocks.6.attn.lora_B_v.0.weight', 'image_encoder.blocks.5.attn.lora_A_v.0.weight', 'image_encoder.blocks.7.attn.lora_B_k.0.weight', 'image_encoder.blocks.11.attn.lora_B_v.0.weight', 'classifier_pool.0.weight', 'image_encoder.blocks.0.attn.lora_B_v.0.weight', 'image_encoder.blocks.10.attn.lora_A_k.0.weight', 'image_encoder.blocks.4.attn.lora_A_v.0.weight', 'image_encoder.blocks.4.attn.lora_B_v.0.weight', 'image_encoder.blocks.7.attn.lora_A_k.0.weight', 'image_encoder.blocks.9.attn.lora_A_k.0.weight', 'image_encoder.blocks.1.attn.lora_B_v.0.weight', 'image_encoder.blocks.5.attn.lora_B_v.0.weight', 'image_encoder.blocks.9.attn.lora_B_v.0.weight', 'image_encoder.blocks.2.attn.lora_A_v.0.weight', 'image_encoder.blocks.3.attn.lora_A_v.0.weight', 'image_encoder.blocks.4.attn.lora_B_k.0.weight', 'image_encoder.blocks.10.attn.lora_B_v.0.weight', 'image_encoder.blocks.4.attn.lora_A_k.0.weight', 'image_encoder.blocks.0.attn.lora_B_k.0.weight', 'image_encoder.blocks.7.attn.lora_A_v.0.weight', 'image_encoder.blocks.2.attn.lora_B_v.0.weight', 'image_encoder.blocks.1.attn.lora_B_k.0.weight', 'image_encoder.blocks.6.attn.lora_A_k.0.weight', 'image_encoder.blocks.5.attn.lora_A_k.0.weight', 'image_encoder.blocks.2.attn.lora_A_k.0.weight', 'image_encoder.blocks.1.attn.lora_A_k.0.weight'}
2026-04-27 04:50:43,165 [palora.py] => Task 0, Epoch 40/40 => Loss 0.514, Train_accy 95.91
2026-04-27 04:51:18,349 [trainer.py] => Time:702.6219074726105
618 618
2026-04-27 04:51:22,846 [trainer.py] => Time:4.497133255004883
2026-04-27 04:51:22,846 [trainer.py] => ACC: {'total': 91.26, '00-19': 91.26, 'old': 0, 'new': 91.26}
2026-04-27 04:51:22,846 [trainer.py] => ACC top1 curve: [91.26]
Average Accuracy: 91.26
2026-04-27 04:51:22,846 [trainer.py] => Average Accuracy: 91.26
2026-04-27 04:51:22,849 [trainer.py] => All params: 111348451
2026-04-27 04:51:22,851 [trainer.py] => Trainable params: 384020
2026-04-27 04:51:22,851 [palora.py] => Learning on 20-40
Parameters to be updated: {'image_encoder.blocks.10.attn.lora_B_k.1.weight', 'image_encoder.blocks.5.attn.lora_A_k.1.weight', 'image_encoder.blocks.1.attn.lora_A_v.1.weight', 'image_encoder.blocks.0.attn.lora_A_v.1.weight', 'image_encoder.blocks.5.attn.lora_B_k.1.weight', 'image_encoder.blocks.9.attn.lora_A_v.1.weight', 'image_encoder.blocks.9.attn.lora_B_k.1.weight', 'image_encoder.blocks.8.attn.lora_B_k.1.weight', 'image_encoder.blocks.11.attn.lora_B_k.1.weight', 'image_encoder.blocks.3.attn.lora_B_k.1.weight', 'image_encoder.blocks.0.attn.lora_B_k.1.weight', 'image_encoder.blocks.2.attn.lora_A_v.1.weight', 'image_encoder.blocks.4.attn.lora_A_v.1.weight', 'image_encoder.blocks.5.attn.lora_A_v.1.weight', 'image_encoder.blocks.3.attn.lora_A_v.1.weight', 'image_encoder.blocks.4.attn.lora_B_k.1.weight', 'image_encoder.blocks.4.attn.lora_A_k.1.weight', 'image_encoder.blocks.7.attn.lora_A_v.1.weight', 'image_encoder.blocks.10.attn.lora_B_v.1.weight', 'image_encoder.blocks.2.attn.lora_B_k.1.weight', 'image_encoder.blocks.6.attn.lora_A_v.1.weight', 'image_encoder.blocks.10.attn.lora_A_k.1.weight', 'image_encoder.blocks.10.attn.lora_A_v.1.weight', 'image_encoder.blocks.11.attn.lora_A_k.1.weight', 'image_encoder.blocks.7.attn.lora_B_v.1.weight', 'image_encoder.blocks.8.attn.lora_B_v.1.weight', 'image_encoder.blocks.6.attn.lora_A_k.1.weight', 'image_encoder.blocks.6.attn.lora_B_v.1.weight', 'image_encoder.blocks.3.attn.lora_B_v.1.weight', 'classifier_pool.1.weight', 'image_encoder.blocks.0.attn.lora_B_v.1.weight', 'image_encoder.blocks.1.attn.lora_B_k.1.weight', 'image_encoder.blocks.3.attn.lora_A_k.1.weight', 'image_encoder.blocks.2.attn.lora_B_v.1.weight', 'image_encoder.blocks.8.attn.lora_A_k.1.weight', 'image_encoder.blocks.1.attn.lora_A_k.1.weight', 'image_encoder.blocks.11.attn.lora_B_v.1.weight', 'image_encoder.blocks.6.attn.lora_B_k.1.weight', 'image_encoder.blocks.4.attn.lora_B_v.1.weight', 'image_encoder.blocks.9.attn.lora_B_v.1.weight', 'image_encoder.blocks.1.attn.lora_B_v.1.weight', 'image_encoder.blocks.7.attn.lora_A_k.1.weight', 'image_encoder.blocks.8.attn.lora_A_v.1.weight', 'image_encoder.blocks.0.attn.lora_A_k.1.weight', 'image_encoder.blocks.11.attn.lora_A_v.1.weight', 'image_encoder.blocks.7.attn.lora_B_k.1.weight', 'image_encoder.blocks.5.attn.lora_B_v.1.weight', 'image_encoder.blocks.2.attn.lora_A_k.1.weight', 'classifier_pool.1.bias', 'image_encoder.blocks.9.attn.lora_A_k.1.weight'}
After trained on task 0 tensor(0.4646, device='cuda:0') tensor(0.3562, device='cuda:0')
After trained on task 0 tensor(0.6230, device='cuda:0') tensor(0.5333, device='cuda:0')
After trained on task 0 tensor(0.4401, device='cuda:0') tensor(0.5742, device='cuda:0')
After trained on task 0 tensor(0.5838, device='cuda:0') tensor(0.6951, device='cuda:0')
After trained on task 0 tensor(0.7224, device='cuda:0') tensor(0.7097, device='cuda:0')
After trained on task 0 tensor(0.7615, device='cuda:0') tensor(0.6935, device='cuda:0')
After trained on task 0 tensor(0.6979, device='cuda:0') tensor(0.7307, device='cuda:0')
After trained on task 0 tensor(0.7653, device='cuda:0') tensor(0.7763, device='cuda:0')
After trained on task 0 tensor(1.0154, device='cuda:0') tensor(0.6968, device='cuda:0')
After trained on task 0 tensor(1.1434, device='cuda:0') tensor(0.7176, device='cuda:0')
After trained on task 0 tensor(1.4475, device='cuda:0') tensor(0.8142, device='cuda:0')
After trained on task 0 tensor(1.5697, device='cuda:0') tensor(0.8590, device='cuda:0')
reserving basis 10/768; cond: 1037414825984.0, ratio:0.9999991655349731
reserving basis 10/768; cond: 1037414825984.0, ratio:0.9999991655349731
reserving basis 10/768; cond: 5343681183744.0, ratio:0.9999990463256836
reserving basis 10/768; cond: 5343681183744.0, ratio:0.9999990463256836
reserving basis 10/768; cond: 14473904521216.0, ratio:0.9999989867210388
reserving basis 10/768; cond: 14473904521216.0, ratio:0.9999989867210388
reserving basis 10/768; cond: 42487217389568.0, ratio:0.9999991059303284
reserving basis 10/768; cond: 42487217389568.0, ratio:0.9999991059303284
reserving basis 10/768; cond: 2639709339648.0, ratio:0.9999990463256836
reserving basis 10/768; cond: 2639709339648.0, ratio:0.9999990463256836
reserving basis 10/768; cond: 2741903818752.0, ratio:0.9999991059303284
reserving basis 10/768; cond: 2741903818752.0, ratio:0.9999991059303284
reserving basis 10/768; cond: 694556491776.0, ratio:0.9999989867210388
reserving basis 10/768; cond: 694556491776.0, ratio:0.9999989867210388
reserving basis 10/768; cond: 14350509146112.0, ratio:0.9999991655349731
reserving basis 10/768; cond: 14350509146112.0, ratio:0.9999991655349731
reserving basis 10/768; cond: 4644594515968.0, ratio:0.9999992251396179
reserving basis 10/768; cond: 4644594515968.0, ratio:0.9999992251396179
reserving basis 10/768; cond: 640831389696.0, ratio:0.9999991059303284
reserving basis 10/768; cond: 640831389696.0, ratio:0.9999991059303284
reserving basis 10/768; cond: 2755768352768.0, ratio:0.9999990463256836
reserving basis 10/768; cond: 2755768352768.0, ratio:0.9999990463256836
reserving basis 10/768; cond: 1009378852864.0, ratio:0.9999993443489075
reserving basis 10/768; cond: 1009378852864.0, ratio:0.9999993443489075
reserving basis 10/768; cond: 1787404746752.0, ratio:0.9999989867210388
reserving basis 10/768; cond: 1787404746752.0, ratio:0.9999989867210388
reserving basis 10/768; cond: 27848393883648.0, ratio:0.9999991655349731
reserving basis 10/768; cond: 27848393883648.0, ratio:0.9999991655349731
reserving basis 10/768; cond: 7751895351296.0, ratio:0.9999991059303284
reserving basis 10/768; cond: 7751895351296.0, ratio:0.9999991059303284
reserving basis 10/768; cond: 1394225184768.0, ratio:0.9999992251396179
reserving basis 10/768; cond: 1394225184768.0, ratio:0.9999992251396179
reserving basis 10/768; cond: 115900103524352.0, ratio:0.9999990463256836
reserving basis 10/768; cond: 115900103524352.0, ratio:0.9999990463256836
reserving basis 10/768; cond: 766575968256.0, ratio:0.9999989867210388
reserving basis 10/768; cond: 766575968256.0, ratio:0.9999989867210388
reserving basis 9/768; cond: 1113597804544.0, ratio:0.9900026321411133
reserving basis 9/768; cond: 1113597804544.0, ratio:0.9900026321411133
reserving basis 10/768; cond: 968909455360.0, ratio:0.9999989867210388
reserving basis 10/768; cond: 968909455360.0, ratio:0.9999989867210388
reserving basis 9/768; cond: 62939037958144.0, ratio:0.9932239651679993
reserving basis 9/768; cond: 62939037958144.0, ratio:0.9932239651679993
reserving basis 10/768; cond: 2847597395968.0, ratio:0.9999991655349731
reserving basis 10/768; cond: 2847597395968.0, ratio:0.9999991655349731
reserving basis 9/768; cond: 2467433283584.0, ratio:0.9920030832290649
reserving basis 9/768; cond: 2467433283584.0, ratio:0.9920030832290649
reserving basis 10/768; cond: 3158772809728.0, ratio:0.9999990463256836
reserving basis 10/768; cond: 3158772809728.0, ratio:0.9999990463256836
2026-04-27 05:06:24,948 [palora.py] => Task 1, Epoch 50/50 => Loss 0.522, Train_accy 95.30
2026-04-27 05:06:59,146 [trainer.py] => Time:936.2948548793793
1329 1329
2026-04-27 05:07:05,044 [trainer.py] => Time:5.898338079452515
2026-04-27 05:07:05,045 [trainer.py] => ACC: {'total': 87.66, '00-19': 85.76, '20-39': 89.31, 'old': 85.76, 'new': 89.31}
2026-04-27 05:07:05,045 [trainer.py] => ACC top1 curve: [91.26, 87.66]
Average Accuracy: 89.46000000000001
2026-04-27 05:07:05,045 [trainer.py] => Average Accuracy: 89.46000000000001
2026-04-27 05:07:05,048 [trainer.py] => All params: 111348451
2026-04-27 05:07:05,050 [trainer.py] => Trainable params: 384020
2026-04-27 05:07:05,050 [palora.py] => Learning on 40-60
Parameters to be updated: {'image_encoder.blocks.10.attn.lora_B_v.2.weight', 'image_encoder.blocks.0.attn.lora_A_v.2.weight', 'image_encoder.blocks.5.attn.lora_B_v.2.weight', 'image_encoder.blocks.1.attn.lora_A_v.2.weight', 'classifier_pool.2.bias', 'image_encoder.blocks.3.attn.lora_B_v.2.weight', 'image_encoder.blocks.5.attn.lora_A_v.2.weight', 'image_encoder.blocks.11.attn.lora_A_v.2.weight', 'image_encoder.blocks.10.attn.lora_A_k.2.weight', 'image_encoder.blocks.4.attn.lora_B_v.2.weight', 'image_encoder.blocks.5.attn.lora_B_k.2.weight', 'image_encoder.blocks.11.attn.lora_B_k.2.weight', 'image_encoder.blocks.7.attn.lora_B_v.2.weight', 'image_encoder.blocks.9.attn.lora_B_k.2.weight', 'classifier_pool.2.weight', 'image_encoder.blocks.6.attn.lora_B_k.2.weight', 'image_encoder.blocks.0.attn.lora_A_k.2.weight', 'image_encoder.blocks.10.attn.lora_B_k.2.weight', 'image_encoder.blocks.2.attn.lora_A_v.2.weight', 'image_encoder.blocks.2.attn.lora_A_k.2.weight', 'image_encoder.blocks.10.attn.lora_A_v.2.weight', 'image_encoder.blocks.3.attn.lora_A_k.2.weight', 'image_encoder.blocks.3.attn.lora_B_k.2.weight', 'image_encoder.blocks.8.attn.lora_A_v.2.weight', 'image_encoder.blocks.9.attn.lora_A_v.2.weight', 'image_encoder.blocks.1.attn.lora_B_v.2.weight', 'image_encoder.blocks.6.attn.lora_A_v.2.weight', 'image_encoder.blocks.4.attn.lora_A_k.2.weight', 'image_encoder.blocks.8.attn.lora_A_k.2.weight', 'image_encoder.blocks.2.attn.lora_B_v.2.weight', 'image_encoder.blocks.0.attn.lora_B_v.2.weight', 'image_encoder.blocks.5.attn.lora_A_k.2.weight', 'image_encoder.blocks.4.attn.lora_B_k.2.weight', 'image_encoder.blocks.9.attn.lora_B_v.2.weight', 'image_encoder.blocks.0.attn.lora_B_k.2.weight', 'image_encoder.blocks.11.attn.lora_B_v.2.weight', 'image_encoder.blocks.4.attn.lora_A_v.2.weight', 'image_encoder.blocks.2.attn.lora_B_k.2.weight', 'image_encoder.blocks.6.attn.lora_B_v.2.weight', 'image_encoder.blocks.3.attn.lora_A_v.2.weight', 'image_encoder.blocks.7.attn.lora_B_k.2.weight', 'image_encoder.blocks.11.attn.lora_A_k.2.weight', 'image_encoder.blocks.9.attn.lora_A_k.2.weight', 'image_encoder.blocks.1.attn.lora_A_k.2.weight', 'image_encoder.blocks.6.attn.lora_A_k.2.weight', 'image_encoder.blocks.8.attn.lora_B_k.2.weight', 'image_encoder.blocks.1.attn.lora_B_k.2.weight', 'image_encoder.blocks.8.attn.lora_B_v.2.weight', 'image_encoder.blocks.7.attn.lora_A_k.2.weight', 'image_encoder.blocks.7.attn.lora_A_v.2.weight'}
After trained on task 1 tensor(0.2490, device='cuda:0') tensor(0.2655, device='cuda:0')
After trained on task 1 tensor(0.4056, device='cuda:0') tensor(0.3786, device='cuda:0')
After trained on task 1 tensor(0.3640, device='cuda:0') tensor(0.4274, device='cuda:0')
After trained on task 1 tensor(0.3177, device='cuda:0') tensor(0.5054, device='cuda:0')
After trained on task 1 tensor(0.3858, device='cuda:0') tensor(0.4255, device='cuda:0')
After trained on task 1 tensor(0.4441, device='cuda:0') tensor(0.4341, device='cuda:0')
After trained on task 1 tensor(0.5419, device='cuda:0') tensor(0.4657, device='cuda:0')
After trained on task 1 tensor(0.5477, device='cuda:0') tensor(0.4402, device='cuda:0')
After trained on task 1 tensor(0.6528, device='cuda:0') tensor(0.5277, device='cuda:0')
After trained on task 1 tensor(0.7784, device='cuda:0') tensor(0.5753, device='cuda:0')
After trained on task 1 tensor(0.8019, device='cuda:0') tensor(0.6361, device='cuda:0')
After trained on task 1 tensor(0.8381, device='cuda:0') tensor(0.7507, device='cuda:0')
reserving basis 19/768; cond: 967489748992.0, ratio:0.9916326999664307
reserving basis 19/768; cond: 967489748992.0, ratio:0.9916326999664307
reserving basis 19/768; cond: 1544556642304.0, ratio:0.9919863343238831
reserving basis 19/768; cond: 1544556642304.0, ratio:0.9919863343238831
reserving basis 19/768; cond: 20236673744896.0, ratio:0.9928036332130432
reserving basis 19/768; cond: 20236673744896.0, ratio:0.9928036332130432
reserving basis 19/768; cond: 1551299379200.0, ratio:0.9944103360176086
reserving basis 19/768; cond: 1551299379200.0, ratio:0.9944103360176086
reserving basis 19/768; cond: 2915830333440.0, ratio:0.9903315305709839
reserving basis 19/768; cond: 2915830333440.0, ratio:0.9903315305709839
reserving basis 19/768; cond: 14712480727040.0, ratio:0.9946675896644592
reserving basis 19/768; cond: 14712480727040.0, ratio:0.9946675896644592
reserving basis 19/768; cond: 1817939017728.0, ratio:0.9904472827911377
reserving basis 19/768; cond: 1817939017728.0, ratio:0.9904472827911377
reserving basis 19/768; cond: 11956001964032.0, ratio:0.9946990013122559
reserving basis 19/768; cond: 11956001964032.0, ratio:0.9946990013122559
reserving basis 20/768; cond: 3845882904576.0, ratio:0.9999986886978149
reserving basis 20/768; cond: 3845882904576.0, ratio:0.9999986886978149
reserving basis 19/768; cond: 991682428928.0, ratio:0.9946664571762085
reserving basis 19/768; cond: 991682428928.0, ratio:0.9946664571762085
reserving basis 19/768; cond: 1707507449856.0, ratio:0.9920594692230225
reserving basis 19/768; cond: 1707507449856.0, ratio:0.9920594692230225
reserving basis 18/768; cond: 6488583569408.0, ratio:0.9907406568527222
reserving basis 18/768; cond: 6488583569408.0, ratio:0.9907406568527222
reserving basis 19/768; cond: 612043456512.0, ratio:0.9940446615219116
reserving basis 19/768; cond: 612043456512.0, ratio:0.9940446615219116
reserving basis 19/768; cond: 2012040003584.0, ratio:0.995265007019043
reserving basis 19/768; cond: 2012040003584.0, ratio:0.995265007019043
reserving basis 19/768; cond: 1285558632448.0, ratio:0.9908337593078613
reserving basis 19/768; cond: 1285558632448.0, ratio:0.9908337593078613
reserving basis 19/768; cond: 5625040863232.0, ratio:0.9951141476631165
reserving basis 19/768; cond: 5625040863232.0, ratio:0.9951141476631165
reserving basis 19/768; cond: 1717185675264.0, ratio:0.9946090579032898
reserving basis 19/768; cond: 1717185675264.0, ratio:0.9946090579032898
reserving basis 18/768; cond: 17113843499008.0, ratio:0.990393877029419
reserving basis 18/768; cond: 17113843499008.0, ratio:0.990393877029419
reserving basis 18/768; cond: 1935641542656.0, ratio:0.99560546875
reserving basis 18/768; cond: 1935641542656.0, ratio:0.99560546875
reserving basis 18/768; cond: 822957899776.0, ratio:0.9911958575248718
reserving basis 18/768; cond: 822957899776.0, ratio:0.9911958575248718
reserving basis 17/768; cond: 1068992233472.0, ratio:0.9926184415817261
reserving basis 17/768; cond: 1068992233472.0, ratio:0.9926184415817261
reserving basis 19/768; cond: 525631946752.0, ratio:0.9937119483947754
reserving basis 19/768; cond: 525631946752.0, ratio:0.9937119483947754
reserving basis 17/768; cond: 62602554114048.0, ratio:0.9909857511520386
reserving basis 17/768; cond: 62602554114048.0, ratio:0.9909857511520386
reserving basis 19/768; cond: 1224133050368.0, ratio:0.9927592873573303
reserving basis 19/768; cond: 1224133050368.0, ratio:0.9927592873573303
2026-04-27 05:17:15,651 [palora.py] => Task 2, Epoch 50/50 => Loss 0.633, Train_accy 93.53
2026-04-27 05:17:46,173 [trainer.py] => Time:641.1227524280548
1742 1742
2026-04-27 05:17:53,054 [trainer.py] => Time:6.880812168121338
2026-04-27 05:17:53,054 [trainer.py] => ACC: {'total': 85.53, '00-19': 85.6, '20-39': 86.36, '40-59': 84.02, 'old': 86.0, 'new': 84.02}
2026-04-27 05:17:53,054 [trainer.py] => ACC top1 curve: [91.26, 87.66, 85.53]
Average Accuracy: 88.15000000000002
2026-04-27 05:17:53,054 [trainer.py] => Average Accuracy: 88.15000000000002
2026-04-27 05:17:53,057 [trainer.py] => All params: 111348451
2026-04-27 05:17:53,058 [trainer.py] => Trainable params: 384020
2026-04-27 05:17:53,059 [palora.py] => Learning on 60-80
Parameters to be updated: {'image_encoder.blocks.7.attn.lora_B_v.3.weight', 'image_encoder.blocks.11.attn.lora_B_k.3.weight', 'image_encoder.blocks.9.attn.lora_A_k.3.weight', 'image_encoder.blocks.9.attn.lora_B_k.3.weight', 'image_encoder.blocks.5.attn.lora_A_k.3.weight', 'image_encoder.blocks.10.attn.lora_B_k.3.weight', 'image_encoder.blocks.0.attn.lora_A_v.3.weight', 'image_encoder.blocks.4.attn.lora_B_k.3.weight', 'image_encoder.blocks.5.attn.lora_B_k.3.weight', 'image_encoder.blocks.6.attn.lora_B_v.3.weight', 'image_encoder.blocks.1.attn.lora_A_v.3.weight', 'image_encoder.blocks.5.attn.lora_B_v.3.weight', 'image_encoder.blocks.5.attn.lora_A_v.3.weight', 'image_encoder.blocks.3.attn.lora_A_v.3.weight', 'image_encoder.blocks.0.attn.lora_B_k.3.weight', 'image_encoder.blocks.7.attn.lora_A_k.3.weight', 'image_encoder.blocks.9.attn.lora_A_v.3.weight', 'image_encoder.blocks.1.attn.lora_A_k.3.weight', 'image_encoder.blocks.8.attn.lora_A_k.3.weight', 'image_encoder.blocks.4.attn.lora_B_v.3.weight', 'image_encoder.blocks.11.attn.lora_A_k.3.weight', 'image_encoder.blocks.8.attn.lora_B_v.3.weight', 'classifier_pool.3.weight', 'image_encoder.blocks.7.attn.lora_A_v.3.weight', 'image_encoder.blocks.11.attn.lora_B_v.3.weight', 'image_encoder.blocks.2.attn.lora_A_k.3.weight', 'image_encoder.blocks.8.attn.lora_A_v.3.weight', 'image_encoder.blocks.0.attn.lora_A_k.3.weight', 'image_encoder.blocks.8.attn.lora_B_k.3.weight', 'image_encoder.blocks.0.attn.lora_B_v.3.weight', 'image_encoder.blocks.11.attn.lora_A_v.3.weight', 'image_encoder.blocks.1.attn.lora_B_k.3.weight', 'image_encoder.blocks.3.attn.lora_B_k.3.weight', 'image_encoder.blocks.3.attn.lora_A_k.3.weight', 'image_encoder.blocks.10.attn.lora_B_v.3.weight', 'image_encoder.blocks.10.attn.lora_A_k.3.weight', 'image_encoder.blocks.6.attn.lora_B_k.3.weight', 'image_encoder.blocks.2.attn.lora_B_v.3.weight', 'image_encoder.blocks.3.attn.lora_B_v.3.weight', 'image_encoder.blocks.1.attn.lora_B_v.3.weight', 'image_encoder.blocks.4.attn.lora_A_v.3.weight', 'image_encoder.blocks.2.attn.lora_A_v.3.weight', 'image_encoder.blocks.2.attn.lora_B_k.3.weight', 'image_encoder.blocks.6.attn.lora_A_k.3.weight', 'image_encoder.blocks.4.attn.lora_A_k.3.weight', 'classifier_pool.3.bias', 'image_encoder.blocks.10.attn.lora_A_v.3.weight', 'image_encoder.blocks.6.attn.lora_A_v.3.weight', 'image_encoder.blocks.7.attn.lora_B_k.3.weight', 'image_encoder.blocks.9.attn.lora_B_v.3.weight'}
After trained on task 2 tensor(0.1363, device='cuda:0') tensor(0.1639, device='cuda:0')
After trained on task 2 tensor(0.2054, device='cuda:0') tensor(0.2203, device='cuda:0')
After trained on task 2 tensor(0.1765, device='cuda:0') tensor(0.2429, device='cuda:0')
After trained on task 2 tensor(0.2186, device='cuda:0') tensor(0.3353, device='cuda:0')
After trained on task 2 tensor(0.2160, device='cuda:0') tensor(0.3444, device='cuda:0')
After trained on task 2 tensor(0.2640, device='cuda:0') tensor(0.3586, device='cuda:0')
After trained on task 2 tensor(0.3243, device='cuda:0') tensor(0.3378, device='cuda:0')
After trained on task 2 tensor(0.3677, device='cuda:0') tensor(0.3636, device='cuda:0')
After trained on task 2 tensor(0.4223, device='cuda:0') tensor(0.3531, device='cuda:0')
After trained on task 2 tensor(0.5105, device='cuda:0') tensor(0.3204, device='cuda:0')
After trained on task 2 tensor(0.5659, device='cuda:0') tensor(0.4016, device='cuda:0')
After trained on task 2 tensor(0.8753, device='cuda:0') tensor(0.4494, device='cuda:0')
reserving basis 27/768; cond: 7247828615168.0, ratio:0.9910682439804077
reserving basis 27/768; cond: 7247828615168.0, ratio:0.9910682439804077
reserving basis 27/768; cond: 3318880665600.0, ratio:0.990882158279419
reserving basis 27/768; cond: 3318880665600.0, ratio:0.990882158279419
reserving basis 27/768; cond: 12038796476416.0, ratio:0.9912380576133728
reserving basis 27/768; cond: 12038796476416.0, ratio:0.9912380576133728
reserving basis 27/768; cond: 663770890240.0, ratio:0.9918143153190613
reserving basis 27/768; cond: 663770890240.0, ratio:0.9918143153190613
reserving basis 28/768; cond: 132578123776.0, ratio:0.9948393106460571
reserving basis 28/768; cond: 132578123776.0, ratio:0.9948393106460571
reserving basis 27/768; cond: 3663739748352.0, ratio:0.9902753233909607
reserving basis 27/768; cond: 3663739748352.0, ratio:0.9902753233909607
reserving basis 28/768; cond: 329950527488.0, ratio:0.9945518374443054
reserving basis 28/768; cond: 329950527488.0, ratio:0.9945518374443054
reserving basis 27/768; cond: 3138983559168.0, ratio:0.9937209486961365
reserving basis 27/768; cond: 3138983559168.0, ratio:0.9937209486961365
reserving basis 29/768; cond: 1044220084224.0, ratio:0.9944379329681396
reserving basis 29/768; cond: 1044220084224.0, ratio:0.9944379329681396
reserving basis 26/768; cond: 25651736215552.0, ratio:0.9904314875602722
reserving basis 26/768; cond: 25651736215552.0, ratio:0.9904314875602722
reserving basis 27/768; cond: 228312678400.0, ratio:0.9914038181304932
reserving basis 27/768; cond: 228312678400.0, ratio:0.9914038181304932
reserving basis 25/768; cond: 2620550545408.0, ratio:0.9907742142677307
reserving basis 25/768; cond: 2620550545408.0, ratio:0.9907742142677307
reserving basis 27/768; cond: 466267176960.0, ratio:0.9921873807907104
reserving basis 27/768; cond: 466267176960.0, ratio:0.9921873807907104
reserving basis 26/768; cond: 545240416256.0, ratio:0.9909811615943909
reserving basis 26/768; cond: 545240416256.0, ratio:0.9909811615943909
reserving basis 27/768; cond: 829566156800.0, ratio:0.9912418723106384
reserving basis 27/768; cond: 829566156800.0, ratio:0.9912418723106384
reserving basis 26/768; cond: 522116694016.0, ratio:0.991825520992279
reserving basis 26/768; cond: 522116694016.0, ratio:0.991825520992279
reserving basis 27/768; cond: 1534026842112.0, ratio:0.9930137991905212
reserving basis 27/768; cond: 1534026842112.0, ratio:0.9930137991905212
reserving basis 25/768; cond: 979785023488.0, ratio:0.9913714528083801
reserving basis 25/768; cond: 979785023488.0, ratio:0.9913714528083801
reserving basis 26/768; cond: 640499384320.0, ratio:0.9942002296447754
reserving basis 26/768; cond: 640499384320.0, ratio:0.9942002296447754
reserving basis 25/768; cond: 209565351936.0, ratio:0.9906511902809143
reserving basis 25/768; cond: 209565351936.0, ratio:0.9906511902809143
reserving basis 24/768; cond: 425837002752.0, ratio:0.9914763569831848
reserving basis 24/768; cond: 425837002752.0, ratio:0.9914763569831848
reserving basis 26/768; cond: 2674918424576.0, ratio:0.9917619228363037
reserving basis 26/768; cond: 2674918424576.0, ratio:0.9917619228363037
reserving basis 21/768; cond: 426544529408.0, ratio:0.9911379218101501
reserving basis 21/768; cond: 426544529408.0, ratio:0.9911379218101501
reserving basis 27/768; cond: 367208890368.0, ratio:0.9941616654396057
reserving basis 27/768; cond: 367208890368.0, ratio:0.9941616654396057
2026-04-27 05:30:36,293 [palora.py] => Task 3, Epoch 50/50 => Loss 0.558, Train_accy 94.44
2026-04-27 05:31:08,048 [trainer.py] => Time:794.9892981052399
2354 2354
2026-04-27 05:31:16,525 [trainer.py] => Time:8.476019382476807
2026-04-27 05:31:16,525 [trainer.py] => ACC: {'total': 83.6, '00-19': 84.14, '20-39': 84.25, '40-59': 81.84, '60-79': 83.5, 'old': 83.64, 'new': 83.5}
2026-04-27 05:31:16,525 [trainer.py] => ACC top1 curve: [91.26, 87.66, 85.53, 83.6]
Average Accuracy: 87.01250000000002
2026-04-27 05:31:16,525 [trainer.py] => Average Accuracy: 87.01250000000002
2026-04-27 05:31:16,527 [trainer.py] => All params: 111348451
2026-04-27 05:31:16,529 [trainer.py] => Trainable params: 384020
2026-04-27 05:31:16,529 [palora.py] => Learning on 80-100
Parameters to be updated: {'image_encoder.blocks.1.attn.lora_B_k.4.weight', 'image_encoder.blocks.6.attn.lora_A_v.4.weight', 'classifier_pool.4.bias', 'image_encoder.blocks.10.attn.lora_A_k.4.weight', 'classifier_pool.4.weight', 'image_encoder.blocks.8.attn.lora_A_v.4.weight', 'image_encoder.blocks.7.attn.lora_A_k.4.weight', 'image_encoder.blocks.2.attn.lora_B_v.4.weight', 'image_encoder.blocks.3.attn.lora_A_v.4.weight', 'image_encoder.blocks.6.attn.lora_A_k.4.weight', 'image_encoder.blocks.8.attn.lora_B_v.4.weight', 'image_encoder.blocks.7.attn.lora_B_k.4.weight', 'image_encoder.blocks.7.attn.lora_A_v.4.weight', 'image_encoder.blocks.8.attn.lora_A_k.4.weight', 'image_encoder.blocks.5.attn.lora_B_k.4.weight', 'image_encoder.blocks.7.attn.lora_B_v.4.weight', 'image_encoder.blocks.11.attn.lora_A_v.4.weight', 'image_encoder.blocks.5.attn.lora_A_k.4.weight', 'image_encoder.blocks.4.attn.lora_A_k.4.weight', 'image_encoder.blocks.0.attn.lora_B_v.4.weight', 'image_encoder.blocks.9.attn.lora_B_v.4.weight', 'image_encoder.blocks.9.attn.lora_B_k.4.weight', 'image_encoder.blocks.0.attn.lora_A_v.4.weight', 'image_encoder.blocks.3.attn.lora_B_v.4.weight', 'image_encoder.blocks.4.attn.lora_B_v.4.weight', 'image_encoder.blocks.1.attn.lora_B_v.4.weight', 'image_encoder.blocks.2.attn.lora_B_k.4.weight', 'image_encoder.blocks.5.attn.lora_A_v.4.weight', 'image_encoder.blocks.10.attn.lora_B_v.4.weight', 'image_encoder.blocks.11.attn.lora_A_k.4.weight', 'image_encoder.blocks.6.attn.lora_B_v.4.weight', 'image_encoder.blocks.0.attn.lora_B_k.4.weight', 'image_encoder.blocks.11.attn.lora_B_k.4.weight', 'image_encoder.blocks.11.attn.lora_B_v.4.weight', 'image_encoder.blocks.2.attn.lora_A_v.4.weight', 'image_encoder.blocks.1.attn.lora_A_k.4.weight', 'image_encoder.blocks.1.attn.lora_A_v.4.weight', 'image_encoder.blocks.8.attn.lora_B_k.4.weight', 'image_encoder.blocks.10.attn.lora_A_v.4.weight', 'image_encoder.blocks.4.attn.lora_A_v.4.weight', 'image_encoder.blocks.10.attn.lora_B_k.4.weight', 'image_encoder.blocks.3.attn.lora_B_k.4.weight', 'image_encoder.blocks.6.attn.lora_B_k.4.weight', 'image_encoder.blocks.0.attn.lora_A_k.4.weight', 'image_encoder.blocks.9.attn.lora_A_v.4.weight', 'image_encoder.blocks.5.attn.lora_B_v.4.weight', 'image_encoder.blocks.4.attn.lora_B_k.4.weight', 'image_encoder.blocks.9.attn.lora_A_k.4.weight', 'image_encoder.blocks.2.attn.lora_A_k.4.weight', 'image_encoder.blocks.3.attn.lora_A_k.4.weight'}
After trained on task 3 tensor(0.1355, device='cuda:0') tensor(0.1248, device='cuda:0')
After trained on task 3 tensor(0.2815, device='cuda:0') tensor(0.2135, device='cuda:0')
After trained on task 3 tensor(0.2052, device='cuda:0') tensor(0.2061, device='cuda:0')
After trained on task 3 tensor(0.3063, device='cuda:0') tensor(0.3200, device='cuda:0')
After trained on task 3 tensor(0.2662, device='cuda:0') tensor(0.3509, device='cuda:0')
After trained on task 3 tensor(0.2679, device='cuda:0') tensor(0.3387, device='cuda:0')
After trained on task 3 tensor(0.2580, device='cuda:0') tensor(0.3530, device='cuda:0')
After trained on task 3 tensor(0.2854, device='cuda:0') tensor(0.3075, device='cuda:0')
After trained on task 3 tensor(0.3327, device='cuda:0') tensor(0.3307, device='cuda:0')
After trained on task 3 tensor(0.3815, device='cuda:0') tensor(0.3729, device='cuda:0')
After trained on task 3 tensor(0.4428, device='cuda:0') tensor(0.3618, device='cuda:0')
After trained on task 3 tensor(0.6171, device='cuda:0') tensor(0.5234, device='cuda:0')
reserving basis 35/768; cond: 243107430400.0, ratio:0.9922546148300171
reserving basis 35/768; cond: 243107430400.0, ratio:0.9922546148300171
reserving basis 35/768; cond: 172539150336.0, ratio:0.9931873083114624
reserving basis 35/768; cond: 172539150336.0, ratio:0.9931873083114624
reserving basis 34/768; cond: 378755481600.0, ratio:0.9919213652610779
reserving basis 34/768; cond: 378755481600.0, ratio:0.9919213652610779
reserving basis 35/768; cond: 2780364537856.0, ratio:0.9926568865776062
reserving basis 35/768; cond: 2780364537856.0, ratio:0.9926568865776062
reserving basis 36/768; cond: 697755762688.0, ratio:0.9927448034286499
reserving basis 36/768; cond: 697755762688.0, ratio:0.9927448034286499
reserving basis 35/768; cond: 146629246976.0, ratio:0.9932615160942078
reserving basis 35/768; cond: 146629246976.0, ratio:0.9932615160942078
reserving basis 36/768; cond: 41399680499712.0, ratio:0.9935120940208435
reserving basis 36/768; cond: 41399680499712.0, ratio:0.9935120940208435
reserving basis 34/768; cond: 360229797888.0, ratio:0.9909292459487915
reserving basis 34/768; cond: 360229797888.0, ratio:0.9909292459487915
reserving basis 37/768; cond: 139579162624.0, ratio:0.9924554824829102
reserving basis 37/768; cond: 139579162624.0, ratio:0.9924554824829102
reserving basis 33/768; cond: 1138892603392.0, ratio:0.9902276396751404
reserving basis 33/768; cond: 1138892603392.0, ratio:0.9902276396751404
reserving basis 35/768; cond: 302998781952.0, ratio:0.9929448962211609
reserving basis 35/768; cond: 302998781952.0, ratio:0.9929448962211609
reserving basis 31/768; cond: 1107504136192.0, ratio:0.990108847618103
reserving basis 31/768; cond: 1107504136192.0, ratio:0.990108847618103
reserving basis 35/768; cond: 308826996736.0, ratio:0.9930698871612549
reserving basis 35/768; cond: 308826996736.0, ratio:0.9930698871612549
reserving basis 32/768; cond: 276191838208.0, ratio:0.9905290007591248
reserving basis 32/768; cond: 276191838208.0, ratio:0.9905290007591248
reserving basis 35/768; cond: 3522101772288.0, ratio:0.9908207654953003
reserving basis 35/768; cond: 3522101772288.0, ratio:0.9908207654953003
reserving basis 33/768; cond: 1540659478528.0, ratio:0.9923154711723328
reserving basis 33/768; cond: 1540659478528.0, ratio:0.9923154711723328
reserving basis 35/768; cond: 411282112512.0, ratio:0.9935355186462402
reserving basis 35/768; cond: 411282112512.0, ratio:0.9935355186462402
reserving basis 33/768; cond: 358165151744.0, ratio:0.993781328201294
reserving basis 33/768; cond: 358165151744.0, ratio:0.993781328201294
reserving basis 33/768; cond: 442384678912.0, ratio:0.991645872592926
reserving basis 33/768; cond: 442384678912.0, ratio:0.991645872592926
reserving basis 33/768; cond: 157163700224.0, ratio:0.9945682883262634
reserving basis 33/768; cond: 157163700224.0, ratio:0.9945682883262634
reserving basis 31/768; cond: 389215977472.0, ratio:0.9920121431350708
reserving basis 31/768; cond: 389215977472.0, ratio:0.9920121431350708
reserving basis 33/768; cond: 941039091712.0, ratio:0.9910804033279419
reserving basis 33/768; cond: 941039091712.0, ratio:0.9910804033279419
reserving basis 27/768; cond: 791021420544.0, ratio:0.9902983903884888
reserving basis 27/768; cond: 791021420544.0, ratio:0.9902983903884888
reserving basis 34/768; cond: 189065068544.0, ratio:0.9927137494087219
reserving basis 34/768; cond: 189065068544.0, ratio:0.9927137494087219
2026-04-27 05:46:20,619 [palora.py] => Task 4, Epoch 50/50 => Loss 0.557, Train_accy 94.70
2026-04-27 05:47:03,276 [trainer.py] => Time:946.7473258972168
3100 3100
2026-04-27 05:47:14,299 [trainer.py] => Time:11.02271580696106
2026-04-27 05:47:14,300 [trainer.py] => ACC: {'total': 82.32, '00-19': 83.66, '20-39': 84.95, '40-59': 81.36, '60-79': 77.94, '80-99': 82.84, 'old': 82.16, 'new': 82.84}
2026-04-27 05:47:14,300 [trainer.py] => ACC top1 curve: [91.26, 87.66, 85.53, 83.6, 82.32]
Average Accuracy: 86.07400000000001
2026-04-27 05:47:14,300 [trainer.py] => Average Accuracy: 86.07400000000001
2026-04-27 05:47:14,302 [trainer.py] => All params: 111348451
2026-04-27 05:47:14,304 [trainer.py] => Trainable params: 384020
2026-04-27 05:47:14,304 [palora.py] => Learning on 100-120
Parameters to be updated: {'image_encoder.blocks.6.attn.lora_B_k.5.weight', 'image_encoder.blocks.9.attn.lora_B_k.5.weight', 'image_encoder.blocks.9.attn.lora_A_k.5.weight', 'image_encoder.blocks.10.attn.lora_A_k.5.weight', 'image_encoder.blocks.4.attn.lora_B_k.5.weight', 'image_encoder.blocks.0.attn.lora_A_k.5.weight', 'image_encoder.blocks.5.attn.lora_A_k.5.weight', 'image_encoder.blocks.6.attn.lora_A_v.5.weight', 'image_encoder.blocks.10.attn.lora_A_v.5.weight', 'image_encoder.blocks.0.attn.lora_A_v.5.weight', 'image_encoder.blocks.1.attn.lora_B_v.5.weight', 'image_encoder.blocks.11.attn.lora_B_k.5.weight', 'image_encoder.blocks.5.attn.lora_A_v.5.weight', 'image_encoder.blocks.2.attn.lora_B_k.5.weight', 'image_encoder.blocks.6.attn.lora_B_v.5.weight', 'classifier_pool.5.weight', 'image_encoder.blocks.6.attn.lora_A_k.5.weight', 'classifier_pool.5.bias', 'image_encoder.blocks.4.attn.lora_A_v.5.weight', 'image_encoder.blocks.9.attn.lora_B_v.5.weight', 'image_encoder.blocks.0.attn.lora_B_v.5.weight', 'image_encoder.blocks.9.attn.lora_A_v.5.weight', 'image_encoder.blocks.7.attn.lora_A_v.5.weight', 'image_encoder.blocks.0.attn.lora_B_k.5.weight', 'image_encoder.blocks.7.attn.lora_B_v.5.weight', 'image_encoder.blocks.2.attn.lora_B_v.5.weight', 'image_encoder.blocks.8.attn.lora_B_v.5.weight', 'image_encoder.blocks.10.attn.lora_B_k.5.weight', 'image_encoder.blocks.4.attn.lora_B_v.5.weight', 'image_encoder.blocks.7.attn.lora_B_k.5.weight', 'image_encoder.blocks.10.attn.lora_B_v.5.weight', 'image_encoder.blocks.1.attn.lora_A_k.5.weight', 'image_encoder.blocks.5.attn.lora_B_v.5.weight', 'image_encoder.blocks.11.attn.lora_A_k.5.weight', 'image_encoder.blocks.8.attn.lora_B_k.5.weight', 'image_encoder.blocks.2.attn.lora_A_v.5.weight', 'image_encoder.blocks.1.attn.lora_B_k.5.weight', 'image_encoder.blocks.7.attn.lora_A_k.5.weight', 'image_encoder.blocks.4.attn.lora_A_k.5.weight', 'image_encoder.blocks.2.attn.lora_A_k.5.weight', 'image_encoder.blocks.11.attn.lora_B_v.5.weight', 'image_encoder.blocks.5.attn.lora_B_k.5.weight', 'image_encoder.blocks.8.attn.lora_A_k.5.weight', 'image_encoder.blocks.3.attn.lora_A_v.5.weight', 'image_encoder.blocks.11.attn.lora_A_v.5.weight', 'image_encoder.blocks.3.attn.lora_B_v.5.weight', 'image_encoder.blocks.3.attn.lora_B_k.5.weight', 'image_encoder.blocks.3.attn.lora_A_k.5.weight', 'image_encoder.blocks.8.attn.lora_A_v.5.weight', 'image_encoder.blocks.1.attn.lora_A_v.5.weight'}
After trained on task 4 tensor(0.1323, device='cuda:0') tensor(0.1584, device='cuda:0')
After trained on task 4 tensor(0.2982, device='cuda:0') tensor(0.2556, device='cuda:0')
After trained on task 4 tensor(0.2646, device='cuda:0') tensor(0.2374, device='cuda:0')
After trained on task 4 tensor(0.2018, device='cuda:0') tensor(0.3149, device='cuda:0')
After trained on task 4 tensor(0.2380, device='cuda:0') tensor(0.3612, device='cuda:0')
After trained on task 4 tensor(0.2707, device='cuda:0') tensor(0.3799, device='cuda:0')
After trained on task 4 tensor(0.2643, device='cuda:0') tensor(0.4424, device='cuda:0')
After trained on task 4 tensor(0.3496, device='cuda:0') tensor(0.3550, device='cuda:0')
After trained on task 4 tensor(0.3797, device='cuda:0') tensor(0.3770, device='cuda:0')
After trained on task 4 tensor(0.4718, device='cuda:0') tensor(0.4314, device='cuda:0')
After trained on task 4 tensor(0.4866, device='cuda:0') tensor(0.4372, device='cuda:0')
After trained on task 4 tensor(0.6962, device='cuda:0') tensor(0.5205, device='cuda:0')
reserving basis 42/768; cond: 335297085440.0, ratio:0.9906376004219055
reserving basis 42/768; cond: 335297085440.0, ratio:0.9906376004219055
reserving basis 42/768; cond: 528596959232.0, ratio:0.9906259775161743
reserving basis 42/768; cond: 528596959232.0, ratio:0.9906259775161743
reserving basis 40/768; cond: 453649235968.0, ratio:0.9915164709091187
reserving basis 40/768; cond: 453649235968.0, ratio:0.9915164709091187
reserving basis 42/768; cond: 2219490148352.0, ratio:0.991524875164032
reserving basis 42/768; cond: 2219490148352.0, ratio:0.991524875164032
reserving basis 43/768; cond: 3049233842176.0, ratio:0.9914767146110535
reserving basis 43/768; cond: 3049233842176.0, ratio:0.9914767146110535
reserving basis 42/768; cond: 621846528000.0, ratio:0.9905626773834229
reserving basis 42/768; cond: 621846528000.0, ratio:0.9905626773834229
reserving basis 43/768; cond: 524232163328.0, ratio:0.9905882477760315
reserving basis 43/768; cond: 524232163328.0, ratio:0.9905882477760315
reserving basis 41/768; cond: 362205609984.0, ratio:0.9920231699943542
reserving basis 41/768; cond: 362205609984.0, ratio:0.9920231699943542
reserving basis 44/768; cond: 1899909873664.0, ratio:0.9906260967254639
reserving basis 44/768; cond: 1899909873664.0, ratio:0.9906260967254639
reserving basis 39/768; cond: 253075079168.0, ratio:0.9902412295341492
reserving basis 39/768; cond: 253075079168.0, ratio:0.9902412295341492
reserving basis 42/768; cond: 1016701583360.0, ratio:0.9906682372093201
reserving basis 42/768; cond: 1016701583360.0, ratio:0.9906682372093201
reserving basis 37/768; cond: 130995322880.0, ratio:0.9902603030204773
reserving basis 37/768; cond: 130995322880.0, ratio:0.9902603030204773
reserving basis 42/768; cond: 181884600320.0, ratio:0.9904265403747559
reserving basis 42/768; cond: 181884600320.0, ratio:0.9904265403747559
reserving basis 38/768; cond: 1195388698624.0, ratio:0.9915363788604736
reserving basis 38/768; cond: 1195388698624.0, ratio:0.9915363788604736
reserving basis 42/768; cond: 59740188672.0, ratio:0.9924787282943726
reserving basis 42/768; cond: 59740188672.0, ratio:0.9924787282943726
reserving basis 39/768; cond: 781726515200.0, ratio:0.9905297756195068
reserving basis 39/768; cond: 781726515200.0, ratio:0.9905297756195068
reserving basis 42/768; cond: 161721253888.0, ratio:0.9921385049819946
reserving basis 42/768; cond: 161721253888.0, ratio:0.9921385049819946
reserving basis 40/768; cond: 127463849984.0, ratio:0.9930911660194397
reserving basis 40/768; cond: 127463849984.0, ratio:0.9930911660194397
reserving basis 39/768; cond: 1532796600320.0, ratio:0.990604817867279
reserving basis 39/768; cond: 1532796600320.0, ratio:0.990604817867279
reserving basis 40/768; cond: 145380638720.0, ratio:0.991834282875061
reserving basis 40/768; cond: 145380638720.0, ratio:0.991834282875061
reserving basis 37/768; cond: 288512999424.0, ratio:0.9921829700469971
reserving basis 37/768; cond: 288512999424.0, ratio:0.9921829700469971
reserving basis 39/768; cond: 332661555200.0, ratio:0.9903776049613953
reserving basis 39/768; cond: 332661555200.0, ratio:0.9903776049613953
reserving basis 32/768; cond: 530673467392.0, ratio:0.9912358522415161
reserving basis 32/768; cond: 530673467392.0, ratio:0.9912358522415161
reserving basis 41/768; cond: 89897746432.0, ratio:0.9926273226737976
reserving basis 41/768; cond: 89897746432.0, ratio:0.9926273226737976
2026-04-27 05:59:50,993 [palora.py] => Task 5, Epoch 50/50 => Loss 0.574, Train_accy 94.11
2026-04-27 06:00:24,469 [trainer.py] => Time:790.1642622947693
3662 3662
2026-04-27 06:00:35,816 [trainer.py] => Time:11.347321510314941
2026-04-27 06:00:35,817 [trainer.py] => ACC: {'total': 81.84, '00-19': 82.04, '20-39': 83.26, '40-59': 81.36, '60-79': 78.76, '80-99': 82.04, '100-119': 83.27, 'old': 81.58, 'new': 83.27}
2026-04-27 06:00:35,817 [trainer.py] => ACC top1 curve: [91.26, 87.66, 85.53, 83.6, 82.32, 81.84]
Average Accuracy: 85.36833333333334
2026-04-27 06:00:35,817 [trainer.py] => Average Accuracy: 85.36833333333334
2026-04-27 06:00:35,819 [trainer.py] => All params: 111348451
2026-04-27 06:00:35,821 [trainer.py] => Trainable params: 384020
2026-04-27 06:00:35,821 [palora.py] => Learning on 120-140
Parameters to be updated: {'image_encoder.blocks.8.attn.lora_A_v.6.weight', 'image_encoder.blocks.3.attn.lora_B_v.6.weight', 'image_encoder.blocks.6.attn.lora_A_k.6.weight', 'image_encoder.blocks.5.attn.lora_B_k.6.weight', 'image_encoder.blocks.11.attn.lora_B_v.6.weight', 'classifier_pool.6.bias', 'image_encoder.blocks.10.attn.lora_B_k.6.weight', 'image_encoder.blocks.4.attn.lora_A_k.6.weight', 'image_encoder.blocks.3.attn.lora_A_k.6.weight', 'image_encoder.blocks.8.attn.lora_B_k.6.weight', 'image_encoder.blocks.5.attn.lora_A_v.6.weight', 'image_encoder.blocks.8.attn.lora_A_k.6.weight', 'image_encoder.blocks.1.attn.lora_B_k.6.weight', 'image_encoder.blocks.8.attn.lora_B_v.6.weight', 'image_encoder.blocks.0.attn.lora_A_v.6.weight', 'image_encoder.blocks.7.attn.lora_A_v.6.weight', 'image_encoder.blocks.10.attn.lora_B_v.6.weight', 'image_encoder.blocks.3.attn.lora_B_k.6.weight', 'image_encoder.blocks.7.attn.lora_A_k.6.weight', 'image_encoder.blocks.6.attn.lora_B_v.6.weight', 'classifier_pool.6.weight', 'image_encoder.blocks.7.attn.lora_B_k.6.weight', 'image_encoder.blocks.2.attn.lora_A_v.6.weight', 'image_encoder.blocks.9.attn.lora_A_k.6.weight', 'image_encoder.blocks.4.attn.lora_B_v.6.weight', 'image_encoder.blocks.9.attn.lora_A_v.6.weight', 'image_encoder.blocks.2.attn.lora_A_k.6.weight', 'image_encoder.blocks.2.attn.lora_B_v.6.weight', 'image_encoder.blocks.0.attn.lora_B_v.6.weight', 'image_encoder.blocks.5.attn.lora_B_v.6.weight', 'image_encoder.blocks.9.attn.lora_B_v.6.weight', 'image_encoder.blocks.0.attn.lora_A_k.6.weight', 'image_encoder.blocks.6.attn.lora_B_k.6.weight', 'image_encoder.blocks.2.attn.lora_B_k.6.weight', 'image_encoder.blocks.10.attn.lora_A_k.6.weight', 'image_encoder.blocks.7.attn.lora_B_v.6.weight', 'image_encoder.blocks.6.attn.lora_A_v.6.weight', 'image_encoder.blocks.1.attn.lora_A_k.6.weight', 'image_encoder.blocks.11.attn.lora_A_v.6.weight', 'image_encoder.blocks.0.attn.lora_B_k.6.weight', 'image_encoder.blocks.4.attn.lora_A_v.6.weight', 'image_encoder.blocks.11.attn.lora_B_k.6.weight', 'image_encoder.blocks.4.attn.lora_B_k.6.weight', 'image_encoder.blocks.10.attn.lora_A_v.6.weight', 'image_encoder.blocks.1.attn.lora_A_v.6.weight', 'image_encoder.blocks.11.attn.lora_A_k.6.weight', 'image_encoder.blocks.1.attn.lora_B_v.6.weight', 'image_encoder.blocks.9.attn.lora_B_k.6.weight', 'image_encoder.blocks.5.attn.lora_A_k.6.weight', 'image_encoder.blocks.3.attn.lora_A_v.6.weight'}
After trained on task 5 tensor(0.1487, device='cuda:0') tensor(0.1502, device='cuda:0')
After trained on task 5 tensor(0.1936, device='cuda:0') tensor(0.1463, device='cuda:0')
After trained on task 5 tensor(0.1241, device='cuda:0') tensor(0.1743, device='cuda:0')
After trained on task 5 tensor(0.1413, device='cuda:0') tensor(0.2130, device='cuda:0')
After trained on task 5 tensor(0.1692, device='cuda:0') tensor(0.2613, device='cuda:0')
After trained on task 5 tensor(0.2250, device='cuda:0') tensor(0.2942, device='cuda:0')
After trained on task 5 tensor(0.2283, device='cuda:0') tensor(0.3718, device='cuda:0')
After trained on task 5 tensor(0.2700, device='cuda:0') tensor(0.3522, device='cuda:0')
After trained on task 5 tensor(0.3058, device='cuda:0') tensor(0.3219, device='cuda:0')
After trained on task 5 tensor(0.4106, device='cuda:0') tensor(0.3466, device='cuda:0')
After trained on task 5 tensor(0.4389, device='cuda:0') tensor(0.3773, device='cuda:0')
After trained on task 5 tensor(0.5023, device='cuda:0') tensor(0.3739, device='cuda:0')
reserving basis 49/768; cond: 300179456000.0, ratio:0.9928044676780701
reserving basis 49/768; cond: 300179456000.0, ratio:0.9928044676780701
reserving basis 48/768; cond: 154986020864.0, ratio:0.9905673265457153
reserving basis 48/768; cond: 154986020864.0, ratio:0.9905673265457153
reserving basis 46/768; cond: 506829209600.0, ratio:0.9905030727386475
reserving basis 46/768; cond: 506829209600.0, ratio:0.9905030727386475
reserving basis 49/768; cond: 16544447856640.0, ratio:0.9919321537017822
reserving basis 49/768; cond: 16544447856640.0, ratio:0.9919321537017822
reserving basis 50/768; cond: 37675507712.0, ratio:0.9908881783485413
reserving basis 50/768; cond: 37675507712.0, ratio:0.9908881783485413
reserving basis 49/768; cond: 57980284928.0, ratio:0.9915550947189331
reserving basis 49/768; cond: 57980284928.0, ratio:0.9915550947189331
reserving basis 50/768; cond: 49325547520.0, ratio:0.9906920790672302
reserving basis 50/768; cond: 49325547520.0, ratio:0.9906920790672302
reserving basis 48/768; cond: 413553721344.0, ratio:0.9925301671028137
reserving basis 48/768; cond: 413553721344.0, ratio:0.9925301671028137
reserving basis 51/768; cond: 78259085312.0, ratio:0.9913005232810974
reserving basis 51/768; cond: 78259085312.0, ratio:0.9913005232810974
reserving basis 46/768; cond: 868800856064.0, ratio:0.992082417011261
reserving basis 46/768; cond: 868800856064.0, ratio:0.992082417011261
reserving basis 48/768; cond: 1648203399168.0, ratio:0.9908104538917542
reserving basis 48/768; cond: 1648203399168.0, ratio:0.9908104538917542
reserving basis 43/768; cond: 1633542078464.0, ratio:0.9904822707176208
reserving basis 43/768; cond: 1633542078464.0, ratio:0.9904822707176208
reserving basis 49/768; cond: 218558103552.0, ratio:0.9931222200393677
reserving basis 49/768; cond: 218558103552.0, ratio:0.9931222200393677
reserving basis 44/768; cond: 88666513408.0, ratio:0.991826057434082
reserving basis 44/768; cond: 88666513408.0, ratio:0.991826057434082
reserving basis 48/768; cond: 176930390016.0, ratio:0.9901788830757141
reserving basis 48/768; cond: 176930390016.0, ratio:0.9901788830757141
reserving basis 45/768; cond: 224698548224.0, ratio:0.9912253618240356
reserving basis 45/768; cond: 224698548224.0, ratio:0.9912253618240356
reserving basis 48/768; cond: 785081434112.0, ratio:0.9913327693939209
reserving basis 48/768; cond: 785081434112.0, ratio:0.9913327693939209
reserving basis 47/768; cond: 189347332096.0, ratio:0.9924366474151611
reserving basis 47/768; cond: 189347332096.0, ratio:0.9924366474151611
reserving basis 45/768; cond: 1603990585344.0, ratio:0.9920473694801331
reserving basis 45/768; cond: 1603990585344.0, ratio:0.9920473694801331
reserving basis 47/768; cond: 46692978688.0, ratio:0.9926477074623108
reserving basis 47/768; cond: 46692978688.0, ratio:0.9926477074623108
reserving basis 43/768; cond: 117051219968.0, ratio:0.9920740127563477
reserving basis 43/768; cond: 117051219968.0, ratio:0.9920740127563477
reserving basis 46/768; cond: 72682119168.0, ratio:0.9930669665336609
reserving basis 46/768; cond: 72682119168.0, ratio:0.9930669665336609
reserving basis 37/768; cond: 151633608704.0, ratio:0.9919397830963135
reserving basis 37/768; cond: 151633608704.0, ratio:0.9919397830963135
reserving basis 47/768; cond: 22347945984.0, ratio:0.990591824054718
reserving basis 47/768; cond: 22347945984.0, ratio:0.990591824054718
2026-04-27 06:13:16,655 [palora.py] => Task 6, Epoch 50/50 => Loss 0.604, Train_accy 93.14
2026-04-27 06:13:50,830 [trainer.py] => Time:795.0093867778778
4214 4214
2026-04-27 06:14:03,399 [trainer.py] => Time:12.568169593811035
2026-04-27 06:14:03,399 [trainer.py] => ACC: {'total': 80.52, '00-19': 81.23, '20-39': 82.0, '40-59': 80.63, '60-79': 76.47, '80-99': 81.37, '100-119': 80.6, '120-139': 80.98, 'old': 80.45, 'new': 80.98}
2026-04-27 06:14:03,399 [trainer.py] => ACC top1 curve: [91.26, 87.66, 85.53, 83.6, 82.32, 81.84, 80.52]
Average Accuracy: 84.67571428571429
2026-04-27 06:14:03,399 [trainer.py] => Average Accuracy: 84.67571428571429
2026-04-27 06:14:03,402 [trainer.py] => All params: 111348451
2026-04-27 06:14:03,403 [trainer.py] => Trainable params: 384020
2026-04-27 06:14:03,403 [palora.py] => Learning on 140-160
Parameters to be updated: {'image_encoder.blocks.2.attn.lora_B_k.7.weight', 'image_encoder.blocks.11.attn.lora_B_k.7.weight', 'image_encoder.blocks.5.attn.lora_B_k.7.weight', 'image_encoder.blocks.4.attn.lora_A_v.7.weight', 'image_encoder.blocks.5.attn.lora_B_v.7.weight', 'image_encoder.blocks.10.attn.lora_B_v.7.weight', 'image_encoder.blocks.4.attn.lora_B_k.7.weight', 'image_encoder.blocks.6.attn.lora_B_v.7.weight', 'image_encoder.blocks.7.attn.lora_B_k.7.weight', 'classifier_pool.7.bias', 'image_encoder.blocks.3.attn.lora_A_v.7.weight', 'image_encoder.blocks.2.attn.lora_A_v.7.weight', 'image_encoder.blocks.9.attn.lora_A_v.7.weight', 'image_encoder.blocks.8.attn.lora_A_v.7.weight', 'image_encoder.blocks.7.attn.lora_A_v.7.weight', 'classifier_pool.7.weight', 'image_encoder.blocks.1.attn.lora_A_k.7.weight', 'image_encoder.blocks.9.attn.lora_B_v.7.weight', 'image_encoder.blocks.1.attn.lora_A_v.7.weight', 'image_encoder.blocks.8.attn.lora_A_k.7.weight', 'image_encoder.blocks.10.attn.lora_A_v.7.weight', 'image_encoder.blocks.11.attn.lora_B_v.7.weight', 'image_encoder.blocks.4.attn.lora_B_v.7.weight', 'image_encoder.blocks.9.attn.lora_A_k.7.weight', 'image_encoder.blocks.2.attn.lora_A_k.7.weight', 'image_encoder.blocks.5.attn.lora_A_v.7.weight', 'image_encoder.blocks.7.attn.lora_A_k.7.weight', 'image_encoder.blocks.3.attn.lora_A_k.7.weight', 'image_encoder.blocks.5.attn.lora_A_k.7.weight', 'image_encoder.blocks.8.attn.lora_B_k.7.weight', 'image_encoder.blocks.0.attn.lora_B_k.7.weight', 'image_encoder.blocks.0.attn.lora_A_v.7.weight', 'image_encoder.blocks.6.attn.lora_B_k.7.weight', 'image_encoder.blocks.10.attn.lora_A_k.7.weight', 'image_encoder.blocks.11.attn.lora_A_k.7.weight', 'image_encoder.blocks.6.attn.lora_A_v.7.weight', 'image_encoder.blocks.0.attn.lora_B_v.7.weight', 'image_encoder.blocks.8.attn.lora_B_v.7.weight', 'image_encoder.blocks.10.attn.lora_B_k.7.weight', 'image_encoder.blocks.3.attn.lora_B_v.7.weight', 'image_encoder.blocks.7.attn.lora_B_v.7.weight', 'image_encoder.blocks.11.attn.lora_A_v.7.weight', 'image_encoder.blocks.9.attn.lora_B_k.7.weight', 'image_encoder.blocks.0.attn.lora_A_k.7.weight', 'image_encoder.blocks.1.attn.lora_B_k.7.weight', 'image_encoder.blocks.3.attn.lora_B_k.7.weight', 'image_encoder.blocks.6.attn.lora_A_k.7.weight', 'image_encoder.blocks.2.attn.lora_B_v.7.weight', 'image_encoder.blocks.4.attn.lora_A_k.7.weight', 'image_encoder.blocks.1.attn.lora_B_v.7.weight'}
After trained on task 6 tensor(0.1128, device='cuda:0') tensor(0.1257, device='cuda:0')
After trained on task 6 tensor(0.1116, device='cuda:0') tensor(0.1457, device='cuda:0')
After trained on task 6 tensor(0.1098, device='cuda:0') tensor(0.2059, device='cuda:0')
After trained on task 6 tensor(0.1389, device='cuda:0') tensor(0.2771, device='cuda:0')
After trained on task 6 tensor(0.1656, device='cuda:0') tensor(0.3074, device='cuda:0')
After trained on task 6 tensor(0.2362, device='cuda:0') tensor(0.3416, device='cuda:0')
After trained on task 6 tensor(0.2199, device='cuda:0') tensor(0.3397, device='cuda:0')
After trained on task 6 tensor(0.3457, device='cuda:0') tensor(0.4204, device='cuda:0')
After trained on task 6 tensor(0.3336, device='cuda:0') tensor(0.4015, device='cuda:0')
After trained on task 6 tensor(0.4564, device='cuda:0') tensor(0.3835, device='cuda:0')
After trained on task 6 tensor(0.4471, device='cuda:0') tensor(0.4367, device='cuda:0')
After trained on task 6 tensor(0.7631, device='cuda:0') tensor(0.5090, device='cuda:0')
reserving basis 55/768; cond: 94865072128.0, ratio:0.9914737343788147
reserving basis 55/768; cond: 94865072128.0, ratio:0.9914737343788147
reserving basis 54/768; cond: 127535267840.0, ratio:0.9907985329627991
reserving basis 54/768; cond: 127535267840.0, ratio:0.9907985329627991
reserving basis 52/768; cond: 283555463168.0, ratio:0.9908492565155029
reserving basis 52/768; cond: 283555463168.0, ratio:0.9908492565155029
reserving basis 56/768; cond: 2855121715200.0, ratio:0.9922103881835938
reserving basis 56/768; cond: 2855121715200.0, ratio:0.9922103881835938
reserving basis 57/768; cond: 60269572096.0, ratio:0.9917324781417847
reserving basis 57/768; cond: 60269572096.0, ratio:0.9917324781417847
reserving basis 56/768; cond: 400621961216.0, ratio:0.992157518863678
reserving basis 56/768; cond: 400621961216.0, ratio:0.992157518863678
reserving basis 57/768; cond: 69821726720.0, ratio:0.9910092353820801
reserving basis 57/768; cond: 69821726720.0, ratio:0.9910092353820801
reserving basis 54/768; cond: 288759906304.0, ratio:0.9902765154838562
reserving basis 54/768; cond: 288759906304.0, ratio:0.9902765154838562
reserving basis 58/768; cond: 582267109376.0, ratio:0.9922276139259338
reserving basis 58/768; cond: 582267109376.0, ratio:0.9922276139259338
reserving basis 52/768; cond: 101444575232.0, ratio:0.9907798767089844
reserving basis 52/768; cond: 101444575232.0, ratio:0.9907798767089844
reserving basis 54/768; cond: 114760835072.0, ratio:0.9905783534049988
reserving basis 54/768; cond: 114760835072.0, ratio:0.9905783534049988
reserving basis 49/768; cond: 8834306277376.0, ratio:0.9911981225013733
reserving basis 49/768; cond: 8834306277376.0, ratio:0.9911981225013733
reserving basis 55/768; cond: 27828871168.0, ratio:0.9905179738998413
reserving basis 55/768; cond: 27828871168.0, ratio:0.9905179738998413
reserving basis 50/768; cond: 125041057792.0, ratio:0.9920462965965271
reserving basis 50/768; cond: 125041057792.0, ratio:0.9920462965965271
reserving basis 53/768; cond: 135905796096.0, ratio:0.9907630085945129
reserving basis 53/768; cond: 135905796096.0, ratio:0.9907630085945129
reserving basis 50/768; cond: 100752654336.0, ratio:0.9902012944221497
reserving basis 50/768; cond: 100752654336.0, ratio:0.9902012944221497
reserving basis 54/768; cond: 271441625088.0, ratio:0.9910678863525391
reserving basis 54/768; cond: 271441625088.0, ratio:0.9910678863525391
reserving basis 52/768; cond: 96219095040.0, ratio:0.9908224940299988
reserving basis 52/768; cond: 96219095040.0, ratio:0.9908224940299988
reserving basis 50/768; cond: 68388249600.0, ratio:0.9924215078353882
reserving basis 50/768; cond: 68388249600.0, ratio:0.9924215078353882
reserving basis 53/768; cond: 90899308544.0, ratio:0.9929745197296143
reserving basis 53/768; cond: 90899308544.0, ratio:0.9929745197296143
reserving basis 47/768; cond: 336514973696.0, ratio:0.990603506565094
reserving basis 47/768; cond: 336514973696.0, ratio:0.990603506565094
reserving basis 52/768; cond: 613751193600.0, ratio:0.9910451173782349
reserving basis 52/768; cond: 613751193600.0, ratio:0.9910451173782349
reserving basis 40/768; cond: 1308363063296.0, ratio:0.9916622042655945
reserving basis 40/768; cond: 1308363063296.0, ratio:0.9916622042655945
reserving basis 53/768; cond: 14845590528.0, ratio:0.9921759366989136
reserving basis 53/768; cond: 14845590528.0, ratio:0.9921759366989136
2026-04-27 06:24:30,421 [palora.py] => Task 7, Epoch 50/50 => Loss 0.550, Train_accy 95.18
2026-04-27 06:24:59,504 [trainer.py] => Time:656.1007566452026
4667 4667
2026-04-27 06:25:12,825 [trainer.py] => Time:13.320427656173706
2026-04-27 06:25:12,825 [trainer.py] => ACC: {'total': 78.79, '00-19': 79.45, '20-39': 81.01, '40-59': 81.36, '60-79': 73.86, '80-99': 80.43, '100-119': 77.94, '120-139': 78.26, '140-159': 77.7, 'old': 78.9, 'new': 77.7}
2026-04-27 06:25:12,825 [trainer.py] => ACC top1 curve: [91.26, 87.66, 85.53, 83.6, 82.32, 81.84, 80.52, 78.79]
Average Accuracy: 83.94
2026-04-27 06:25:12,825 [trainer.py] => Average Accuracy: 83.94
2026-04-27 06:25:12,828 [trainer.py] => All params: 111348451
2026-04-27 06:25:12,830 [trainer.py] => Trainable params: 384020
2026-04-27 06:25:12,830 [palora.py] => Learning on 160-180
Parameters to be updated: {'image_encoder.blocks.1.attn.lora_B_v.8.weight', 'image_encoder.blocks.4.attn.lora_A_v.8.weight', 'image_encoder.blocks.9.attn.lora_A_k.8.weight', 'image_encoder.blocks.3.attn.lora_A_k.8.weight', 'classifier_pool.8.weight', 'image_encoder.blocks.4.attn.lora_A_k.8.weight', 'image_encoder.blocks.10.attn.lora_A_k.8.weight', 'image_encoder.blocks.10.attn.lora_B_v.8.weight', 'image_encoder.blocks.1.attn.lora_A_v.8.weight', 'image_encoder.blocks.6.attn.lora_B_k.8.weight', 'image_encoder.blocks.5.attn.lora_B_v.8.weight', 'image_encoder.blocks.3.attn.lora_B_k.8.weight', 'image_encoder.blocks.8.attn.lora_B_v.8.weight', 'image_encoder.blocks.0.attn.lora_B_k.8.weight', 'image_encoder.blocks.7.attn.lora_A_v.8.weight', 'image_encoder.blocks.8.attn.lora_A_v.8.weight', 'image_encoder.blocks.2.attn.lora_B_k.8.weight', 'image_encoder.blocks.6.attn.lora_A_v.8.weight', 'image_encoder.blocks.4.attn.lora_B_v.8.weight', 'image_encoder.blocks.0.attn.lora_A_k.8.weight', 'image_encoder.blocks.9.attn.lora_B_v.8.weight', 'image_encoder.blocks.2.attn.lora_A_v.8.weight', 'image_encoder.blocks.9.attn.lora_A_v.8.weight', 'image_encoder.blocks.10.attn.lora_A_v.8.weight', 'image_encoder.blocks.5.attn.lora_B_k.8.weight', 'image_encoder.blocks.11.attn.lora_A_k.8.weight', 'image_encoder.blocks.3.attn.lora_A_v.8.weight', 'image_encoder.blocks.11.attn.lora_B_k.8.weight', 'classifier_pool.8.bias', 'image_encoder.blocks.1.attn.lora_A_k.8.weight', 'image_encoder.blocks.0.attn.lora_A_v.8.weight', 'image_encoder.blocks.0.attn.lora_B_v.8.weight', 'image_encoder.blocks.4.attn.lora_B_k.8.weight', 'image_encoder.blocks.5.attn.lora_A_k.8.weight', 'image_encoder.blocks.8.attn.lora_B_k.8.weight', 'image_encoder.blocks.3.attn.lora_B_v.8.weight', 'image_encoder.blocks.7.attn.lora_A_k.8.weight', 'image_encoder.blocks.2.attn.lora_A_k.8.weight', 'image_encoder.blocks.6.attn.lora_A_k.8.weight', 'image_encoder.blocks.8.attn.lora_A_k.8.weight', 'image_encoder.blocks.9.attn.lora_B_k.8.weight', 'image_encoder.blocks.6.attn.lora_B_v.8.weight', 'image_encoder.blocks.7.attn.lora_B_k.8.weight', 'image_encoder.blocks.7.attn.lora_B_v.8.weight', 'image_encoder.blocks.11.attn.lora_A_v.8.weight', 'image_encoder.blocks.11.attn.lora_B_v.8.weight', 'image_encoder.blocks.2.attn.lora_B_v.8.weight', 'image_encoder.blocks.1.attn.lora_B_k.8.weight', 'image_encoder.blocks.5.attn.lora_A_v.8.weight', 'image_encoder.blocks.10.attn.lora_B_k.8.weight'}
After trained on task 7 tensor(0.0953, device='cuda:0') tensor(0.0884, device='cuda:0')
After trained on task 7 tensor(0.1150, device='cuda:0') tensor(0.1072, device='cuda:0')
After trained on task 7 tensor(0.1388, device='cuda:0') tensor(0.1310, device='cuda:0')
After trained on task 7 tensor(0.1019, device='cuda:0') tensor(0.1662, device='cuda:0')
After trained on task 7 tensor(0.1382, device='cuda:0') tensor(0.2160, device='cuda:0')
After trained on task 7 tensor(0.1508, device='cuda:0') tensor(0.2339, device='cuda:0')
After trained on task 7 tensor(0.1762, device='cuda:0') tensor(0.2504, device='cuda:0')
After trained on task 7 tensor(0.1769, device='cuda:0') tensor(0.2963, device='cuda:0')
After trained on task 7 tensor(0.2358, device='cuda:0') tensor(0.3091, device='cuda:0')
After trained on task 7 tensor(0.3003, device='cuda:0') tensor(0.3306, device='cuda:0')
After trained on task 7 tensor(0.2888, device='cuda:0') tensor(0.3018, device='cuda:0')
After trained on task 7 tensor(0.4950, device='cuda:0') tensor(0.3395, device='cuda:0')
reserving basis 60/768; cond: 120996560896.0, ratio:0.9905469417572021
reserving basis 60/768; cond: 120996560896.0, ratio:0.9905469417572021
reserving basis 60/768; cond: 119143112704.0, ratio:0.9907659292221069
reserving basis 60/768; cond: 119143112704.0, ratio:0.9907659292221069
reserving basis 58/768; cond: 270529134592.0, ratio:0.9918956160545349
reserving basis 58/768; cond: 270529134592.0, ratio:0.9918956160545349
reserving basis 62/768; cond: 81563934720.0, ratio:0.9902863502502441
reserving basis 62/768; cond: 81563934720.0, ratio:0.9902863502502441
reserving basis 63/768; cond: 278776840192.0, ratio:0.9912713766098022
reserving basis 63/768; cond: 278776840192.0, ratio:0.9912713766098022
reserving basis 62/768; cond: 47613288448.0, ratio:0.9911320209503174
reserving basis 62/768; cond: 47613288448.0, ratio:0.9911320209503174
reserving basis 64/768; cond: 254206672896.0, ratio:0.9928557872772217
reserving basis 64/768; cond: 254206672896.0, ratio:0.9928557872772217
reserving basis 60/768; cond: 76155625472.0, ratio:0.9912944436073303
reserving basis 60/768; cond: 76155625472.0, ratio:0.9912944436073303
reserving basis 64/768; cond: 411268710400.0, ratio:0.991556704044342
reserving basis 64/768; cond: 411268710400.0, ratio:0.991556704044342
reserving basis 58/768; cond: 479669583872.0, ratio:0.9911065101623535
reserving basis 58/768; cond: 479669583872.0, ratio:0.9911065101623535
reserving basis 60/768; cond: 108139356160.0, ratio:0.9907394647598267
reserving basis 60/768; cond: 108139356160.0, ratio:0.9907394647598267
reserving basis 55/768; cond: 169800908800.0, ratio:0.991727352142334
reserving basis 55/768; cond: 169800908800.0, ratio:0.991727352142334
reserving basis 61/768; cond: 706782363648.0, ratio:0.9912663698196411
reserving basis 61/768; cond: 706782363648.0, ratio:0.9912663698196411
reserving basis 55/768; cond: 380336472064.0, ratio:0.9910349249839783
reserving basis 55/768; cond: 380336472064.0, ratio:0.9910349249839783
reserving basis 59/768; cond: 53671833600.0, ratio:0.9909572005271912
reserving basis 59/768; cond: 53671833600.0, ratio:0.9909572005271912
reserving basis 56/768; cond: 169821552640.0, ratio:0.9922863841056824
reserving basis 56/768; cond: 169821552640.0, ratio:0.9922863841056824
reserving basis 59/768; cond: 98480463872.0, ratio:0.9907737970352173
reserving basis 59/768; cond: 98480463872.0, ratio:0.9907737970352173
reserving basis 57/768; cond: 19886718976.0, ratio:0.9908995628356934
reserving basis 57/768; cond: 19886718976.0, ratio:0.9908995628356934
reserving basis 55/768; cond: 109149593600.0, ratio:0.9923354387283325
reserving basis 55/768; cond: 109149593600.0, ratio:0.9923354387283325
reserving basis 59/768; cond: 125390536704.0, ratio:0.9917713403701782
reserving basis 59/768; cond: 125390536704.0, ratio:0.9917713403701782
reserving basis 52/768; cond: 183360077824.0, ratio:0.9918954372406006
reserving basis 52/768; cond: 183360077824.0, ratio:0.9918954372406006
reserving basis 58/768; cond: 37872078848.0, ratio:0.9916316866874695
reserving basis 58/768; cond: 37872078848.0, ratio:0.9916316866874695
reserving basis 44/768; cond: 507571994624.0, ratio:0.9917442798614502
reserving basis 44/768; cond: 507571994624.0, ratio:0.9917442798614502
reserving basis 59/768; cond: 16922658816.0, ratio:0.9921492338180542
reserving basis 59/768; cond: 16922658816.0, ratio:0.9921492338180542
2026-04-27 06:38:39,423 [palora.py] => Task 8, Epoch 50/50 => Loss 0.471, Train_accy 96.76
2026-04-27 06:39:14,147 [trainer.py] => Time:841.3172545433044
5280 5280
2026-04-27 06:39:29,077 [trainer.py] => Time:14.929702758789062
2026-04-27 06:39:29,077 [trainer.py] => ACC: {'total': 79.28, '00-19': 78.96, '20-39': 82.14, '40-59': 80.87, '60-79': 73.69, '80-99': 79.09, '100-119': 77.4, '120-139': 76.09, '140-159': 75.5, '160-179': 88.42, 'old': 78.08, 'new': 88.42}
2026-04-27 06:39:29,077 [trainer.py] => ACC top1 curve: [91.26, 87.66, 85.53, 83.6, 82.32, 81.84, 80.52, 78.79, 79.28]
Average Accuracy: 83.42222222222222
2026-04-27 06:39:29,077 [trainer.py] => Average Accuracy: 83.42222222222222
2026-04-27 06:39:29,079 [trainer.py] => All params: 111348451
2026-04-27 06:39:29,081 [trainer.py] => Trainable params: 384020
2026-04-27 06:39:29,081 [palora.py] => Learning on 180-200
Parameters to be updated: {'image_encoder.blocks.3.attn.lora_B_k.9.weight', 'image_encoder.blocks.7.attn.lora_B_k.9.weight', 'image_encoder.blocks.6.attn.lora_A_v.9.weight', 'image_encoder.blocks.2.attn.lora_B_v.9.weight', 'image_encoder.blocks.8.attn.lora_B_k.9.weight', 'image_encoder.blocks.6.attn.lora_A_k.9.weight', 'image_encoder.blocks.6.attn.lora_B_v.9.weight', 'image_encoder.blocks.9.attn.lora_B_v.9.weight', 'image_encoder.blocks.4.attn.lora_B_k.9.weight', 'image_encoder.blocks.0.attn.lora_B_k.9.weight', 'image_encoder.blocks.0.attn.lora_A_v.9.weight', 'image_encoder.blocks.4.attn.lora_A_v.9.weight', 'image_encoder.blocks.10.attn.lora_A_v.9.weight', 'image_encoder.blocks.11.attn.lora_B_v.9.weight', 'image_encoder.blocks.5.attn.lora_B_v.9.weight', 'image_encoder.blocks.6.attn.lora_B_k.9.weight', 'image_encoder.blocks.2.attn.lora_A_v.9.weight', 'image_encoder.blocks.4.attn.lora_B_v.9.weight', 'image_encoder.blocks.8.attn.lora_A_v.9.weight', 'image_encoder.blocks.11.attn.lora_A_k.9.weight', 'image_encoder.blocks.1.attn.lora_A_v.9.weight', 'image_encoder.blocks.0.attn.lora_A_k.9.weight', 'image_encoder.blocks.3.attn.lora_B_v.9.weight', 'image_encoder.blocks.1.attn.lora_A_k.9.weight', 'image_encoder.blocks.10.attn.lora_B_v.9.weight', 'image_encoder.blocks.8.attn.lora_B_v.9.weight', 'image_encoder.blocks.10.attn.lora_B_k.9.weight', 'image_encoder.blocks.3.attn.lora_A_v.9.weight', 'image_encoder.blocks.2.attn.lora_A_k.9.weight', 'image_encoder.blocks.7.attn.lora_B_v.9.weight', 'image_encoder.blocks.9.attn.lora_A_v.9.weight', 'image_encoder.blocks.3.attn.lora_A_k.9.weight', 'image_encoder.blocks.1.attn.lora_B_v.9.weight', 'image_encoder.blocks.5.attn.lora_B_k.9.weight', 'image_encoder.blocks.5.attn.lora_A_k.9.weight', 'classifier_pool.9.bias', 'image_encoder.blocks.7.attn.lora_A_k.9.weight', 'classifier_pool.9.weight', 'image_encoder.blocks.2.attn.lora_B_k.9.weight', 'image_encoder.blocks.10.attn.lora_A_k.9.weight', 'image_encoder.blocks.8.attn.lora_A_k.9.weight', 'image_encoder.blocks.0.attn.lora_B_v.9.weight', 'image_encoder.blocks.4.attn.lora_A_k.9.weight', 'image_encoder.blocks.9.attn.lora_A_k.9.weight', 'image_encoder.blocks.5.attn.lora_A_v.9.weight', 'image_encoder.blocks.11.attn.lora_A_v.9.weight', 'image_encoder.blocks.9.attn.lora_B_k.9.weight', 'image_encoder.blocks.1.attn.lora_B_k.9.weight', 'image_encoder.blocks.7.attn.lora_A_v.9.weight', 'image_encoder.blocks.11.attn.lora_B_k.9.weight'}
After trained on task 8 tensor(0.1081, device='cuda:0') tensor(0.1128, device='cuda:0')
After trained on task 8 tensor(0.1094, device='cuda:0') tensor(0.1116, device='cuda:0')
After trained on task 8 tensor(0.1354, device='cuda:0') tensor(0.1465, device='cuda:0')
After trained on task 8 tensor(0.1083, device='cuda:0') tensor(0.1531, device='cuda:0')
After trained on task 8 tensor(0.1520, device='cuda:0') tensor(0.2065, device='cuda:0')
After trained on task 8 tensor(0.1566, device='cuda:0') tensor(0.3142, device='cuda:0')
After trained on task 8 tensor(0.1978, device='cuda:0') tensor(0.3179, device='cuda:0')
After trained on task 8 tensor(0.2237, device='cuda:0') tensor(0.2654, device='cuda:0')
After trained on task 8 tensor(0.2284, device='cuda:0') tensor(0.3533, device='cuda:0')
After trained on task 8 tensor(0.3263, device='cuda:0') tensor(0.3284, device='cuda:0')
After trained on task 8 tensor(0.4431, device='cuda:0') tensor(0.3343, device='cuda:0')
After trained on task 8 tensor(0.7405, device='cuda:0') tensor(0.4074, device='cuda:0')
reserving basis 66/768; cond: 1205866987520.0, ratio:0.9918653964996338
reserving basis 66/768; cond: 1205866987520.0, ratio:0.9918653964996338
reserving basis 66/768; cond: 36156882944.0, ratio:0.9918200969696045
reserving basis 66/768; cond: 36156882944.0, ratio:0.9918200969696045
reserving basis 63/768; cond: 282711588864.0, ratio:0.9908496141433716
reserving basis 63/768; cond: 282711588864.0, ratio:0.9908496141433716
reserving basis 68/768; cond: 83805773824.0, ratio:0.9907388687133789
reserving basis 68/768; cond: 83805773824.0, ratio:0.9907388687133789
reserving basis 68/768; cond: 43760885760.0, ratio:0.9900333881378174
reserving basis 68/768; cond: 43760885760.0, ratio:0.9900333881378174
reserving basis 68/768; cond: 826845757440.0, ratio:0.9903779625892639
reserving basis 68/768; cond: 826845757440.0, ratio:0.9903779625892639
reserving basis 71/768; cond: 157813850112.0, ratio:0.9928420186042786
reserving basis 71/768; cond: 157813850112.0, ratio:0.9928420186042786
reserving basis 66/768; cond: 106095132672.0, ratio:0.990951657295227
reserving basis 66/768; cond: 106095132672.0, ratio:0.990951657295227
reserving basis 70/768; cond: 34190094336.0, ratio:0.9917101860046387
reserving basis 70/768; cond: 34190094336.0, ratio:0.9917101860046387
reserving basis 64/768; cond: 126408908800.0, ratio:0.9920469522476196
reserving basis 64/768; cond: 126408908800.0, ratio:0.9920469522476196
reserving basis 66/768; cond: 830595858432.0, ratio:0.9917547106742859
reserving basis 66/768; cond: 830595858432.0, ratio:0.9917547106742859
reserving basis 60/768; cond: 38167007232.0, ratio:0.9909653067588806
reserving basis 60/768; cond: 38167007232.0, ratio:0.9909653067588806
reserving basis 67/768; cond: 61630652416.0, ratio:0.9918397665023804
reserving basis 67/768; cond: 61630652416.0, ratio:0.9918397665023804
reserving basis 60/768; cond: 631927078912.0, ratio:0.9908773899078369
reserving basis 60/768; cond: 631927078912.0, ratio:0.9908773899078369
reserving basis 65/768; cond: 82709233664.0, ratio:0.9923697113990784
reserving basis 65/768; cond: 82709233664.0, ratio:0.9923697113990784
reserving basis 61/768; cond: 650406658048.0, ratio:0.9909192323684692
reserving basis 61/768; cond: 650406658048.0, ratio:0.9909192323684692
reserving basis 65/768; cond: 490077224960.0, ratio:0.9924165606498718
reserving basis 65/768; cond: 490077224960.0, ratio:0.9924165606498718
reserving basis 62/768; cond: 119432896512.0, ratio:0.9903902411460876
reserving basis 62/768; cond: 119432896512.0, ratio:0.9903902411460876
reserving basis 59/768; cond: 121545490432.0, ratio:0.9903783202171326
reserving basis 59/768; cond: 121545490432.0, ratio:0.9903783202171326
reserving basis 64/768; cond: 85515124736.0, ratio:0.9900340437889099
reserving basis 64/768; cond: 85515124736.0, ratio:0.9900340437889099
reserving basis 55/768; cond: 1177969491968.0, ratio:0.9902268052101135
reserving basis 55/768; cond: 1177969491968.0, ratio:0.9902268052101135
reserving basis 63/768; cond: 368977575936.0, ratio:0.9914945363998413
reserving basis 63/768; cond: 368977575936.0, ratio:0.9914945363998413
reserving basis 46/768; cond: 894691115008.0, ratio:0.9901959896087646
reserving basis 46/768; cond: 894691115008.0, ratio:0.9901959896087646
reserving basis 64/768; cond: 13640777728.0, ratio:0.9914225339889526
reserving basis 64/768; cond: 13640777728.0, ratio:0.9914225339889526
2026-04-27 06:54:13,187 [palora.py] => Task 9, Epoch 50/50 => Loss 0.581, Train_accy 93.57
2026-04-27 06:54:47,671 [trainer.py] => Time:918.5897564888
6000 6000
2026-04-27 06:55:03,752 [trainer.py] => Time:16.080448627471924
2026-04-27 06:55:03,752 [trainer.py] => ACC: {'total': 78.82, '00-19': 78.96, '20-39': 82.14, '40-59': 80.39, '60-79': 73.86, '80-99': 78.82, '100-119': 77.05, '120-139': 74.46, '140-159': 72.63, '160-179': 87.11, '180-199': 80.28, 'old': 78.62, 'new': 80.28}
2026-04-27 06:55:03,752 [trainer.py] => ACC top1 curve: [91.26, 87.66, 85.53, 83.6, 82.32, 81.84, 80.52, 78.79, 79.28, 78.82]
Average Accuracy: 82.96199999999999
2026-04-27 06:55:03,752 [trainer.py] => Average Accuracy: 82.96199999999999
